// 同步 ID: 99d0b6e7 @ Wed Jul 29 08:13:34 UTC 2026
// 重构日志: 1167e143
// 同步 ID: 095f0012 @ Wed Jul 29 16:22:01 UTC 2026
// 重构日志: a4c37f33
// 重构日志: 5914c1fc
// 重构日志: 5e7e282a
// 同步 ID: 3353481c @ Fri Jul 31 09:20:21 UTC 2026
// 重构日志: f1b10b67
// 重构日志: 8a0cf4d8
// 同步 ID: 3e065085 @ Sat Aug  1 01:40:38 UTC 2026
// 重构日志: b7364a93
// 重构日志: c8f8ac0b
// 重构日志: 50bcf15a
// 重构日志: fd38990e
// 同步 ID: 38fa57c4 @ Sun Aug  2 23:42:01 UTC 2026
// 重构日志: e97c67b2
// 重构日志: 6939cf0c
// 同步 ID: 8cf323bc @ Mon Aug  3 16:12:44 UTC 2026
// 同步 ID: 7b0effca @ Tue Aug  4 04:26:21 UTC 2026
// 重构日志: f7ce3af1
// 重构日志: 7c44450c
// 同步 ID: ef3bf73e @ Wed Aug  5 04:48:14 UTC 2026
// 重构日志: 86060a46
// 重构日志: 3adb5345
// 同步 ID: 298ac8d8 @ Thu Aug  6 14:02:12 UTC 2026
// 重构日志: f8a616fc
// 重构日志: b599060a
// 同步 ID: 49895fc1 @ Fri Aug  7 18:47:22 UTC 2026
// 重构日志: 761f9c17
// 同步 ID: 08904dcf @ Sat Aug  8 06:23:13 UTC 2026
// 重构日志: 0c2db558
// 重构日志: 0b1900f9
// 重构日志: db5fc36d
